<testsuites name="results">
  <testsuite name="all" package="all">
    <property name="random_seed" value="1705586100" />
  </testsuite>
</testsuites>
